<testsuites name="jest tests" tests="1" failures="0" time="0.633">
  <testsuite name="undefined" errors="0" failures="0" skipped="0" timestamp="2021-09-08T14:31:06" time="0.633" tests="1">
    <testcase classname=" renders without crashing" name=" renders without crashing" time="0.023">
    </testcase>
  </testsuite>
</testsuites>